14:55:13 **** Incremental Build of configuration Debug for project Ex3 ****
make -j16 all 
arm-none-eabi-gcc "../Core/Src/main.c" -mcpu=cortex-m3 -std=gnu11 -g3 -DDEBUG -DUSE_HAL_DRIVER -DSTM32F103x6 -c -I../Core/Inc -I../Drivers/STM32F1xx_HAL_Driver/Inc -I../Drivers/STM32F1xx_HAL_Driver/Inc/Legacy -I../Drivers/CMSIS/Device/ST/STM32F1xx/Include -I../Drivers/CMSIS/Include -O0 -ffunction-sections -fdata-sections -Wall -fstack-usage -MMD -MP -MF"Core/Src/main.d" -MT"Core/Src/main.o" --specs=nano.specs -mfloat-abi=soft -mthumb -o "Core/Src/main.o"
../Core/Src/main.c:382:1: warning: return type defaults to 'int' [-Wimplicit-int]
  382 | HAL_TIM_PeriodElapsedCallback(TIM_HandleTypeDef* htim)
      | ^~~~~~~~~~~~~~~~~~~~~~~~~~~~~
../Core/Src/main.c:382:1: warning: conflicting types for 'HAL_TIM_PeriodElapsedCallback'
In file included from ../Core/Inc/stm32f1xx_hal_conf.h:333,
                 from ../Drivers/STM32F1xx_HAL_Driver/Inc/stm32f1xx_hal.h:29,
                 from ../Core/Inc/main.h:31,
                 from ../Core/Src/main.c:21:
../Drivers/STM32F1xx_HAL_Driver/Inc/stm32f1xx_hal_tim.h:2069:6: note: previous declaration of 'HAL_TIM_PeriodElapsedCallback' was here
 2069 | void HAL_TIM_PeriodElapsedCallback(TIM_HandleTypeDef *htim);
      |      ^~~~~~~~~~~~~~~~~~~~~~~~~~~~~
arm-none-eabi-gcc -o "Ex3.elf" @"objects.list"   -mcpu=cortex-m3 -T"D:\VXL\Lab2\Ex3\STM32F103C6UX_FLASH.ld" --specs=nosys.specs -Wl,-Map="Ex3.map" -Wl,--gc-sections -static --specs=nano.specs -mfloat-abi=soft -mthumb -Wl,--start-group -lc -lm -Wl,--end-group
Finished building target: Ex3.elf
 
arm-none-eabi-size   Ex3.elf 
arm-none-eabi-objdump -h -S  Ex3.elf  > "Ex3.list"
arm-none-eabi-objcopy  -O ihex  Ex3.elf  "Ex3.hex"
   text	   data	    bss	    dec	    hex	filename
   8072	     44	   1644	   9760	   2620	Ex3.elf
arm-none-eabi-objcopy  -O binary  Ex3.elf  "Ex3.bin"
Finished building: default.size.stdout
 
Finished building: Ex3.hex
Finished building: Ex3.bin
 
 
Finished building: Ex3.list
 

14:55:14 Build Finished. 0 errors, 2 warnings. (took 588ms)

